Flutter crash report.
Please report a bug at https://github.com/flutter/flutter/issues.

## command

flutter test --no-pub

## exception

ShaderCompilerException: ShaderCompilerException: Shader compilation of "/Users/ngaitan/fvm/versions/3.24.0/packages/flutter/lib/src/material/shaders/ink_sparkle.frag" to "build/unit_test_assets/shaders/ink_sparkle.frag" failed with exit code -9.
impellerc stdout:

impellerc stderr:




```
#0      ShaderCompiler.compileShader (package:flutter_tools/src/build_system/tools/shader_compiler.dart:190:9)
<asynchronous suspension>
#1      writeBundle.<anonymous closure> (package:flutter_tools/src/bundle_builder.dart:221:25)
<asynchronous suspension>
#2      Future.wait.<anonymous closure> (dart:async/future.dart:534:21)
<asynchronous suspension>
#3      writeBundle (package:flutter_tools/src/bundle_builder.dart:187:3)
<asynchronous suspension>
#4      TestCommand._buildTestAsset (package:flutter_tools/src/commands/test.dart:700:7)
<asynchronous suspension>
#5      TestCommand.runCommand (package:flutter_tools/src/commands/test.dart:420:7)
<asynchronous suspension>
#6      FlutterCommand.run.<anonymous closure> (package:flutter_tools/src/runner/flutter_command.dart:1408:27)
<asynchronous suspension>
#7      AppContext.run.<anonymous closure> (package:flutter_tools/src/base/context.dart:153:19)
<asynchronous suspension>
#8      CommandRunner.runCommand (package:args/command_runner.dart:212:13)
<asynchronous suspension>
#9      FlutterCommandRunner.runCommand.<anonymous closure> (package:flutter_tools/src/runner/flutter_command_runner.dart:420:9)
<asynchronous suspension>
#10     AppContext.run.<anonymous closure> (package:flutter_tools/src/base/context.dart:153:19)
<asynchronous suspension>
#11     FlutterCommandRunner.runCommand (package:flutter_tools/src/runner/flutter_command_runner.dart:364:5)
<asynchronous suspension>
#12     run.<anonymous closure>.<anonymous closure> (package:flutter_tools/runner.dart:130:9)
<asynchronous suspension>
#13     AppContext.run.<anonymous closure> (package:flutter_tools/src/base/context.dart:153:19)
<asynchronous suspension>
#14     main (package:flutter_tools/executable.dart:93:3)
<asynchronous suspension>
```

## flutter doctor

```
[✓] Flutter (Channel stable, 3.24.0, on macOS 15.7 24G222 darwin-arm64, locale en-CO)
    • Flutter version 3.24.0 on channel stable at /Users/ngaitan/fvm/versions/3.24.0
    • Upstream repository https://github.com/flutter/flutter.git
    • Framework revision 80c2e84975 (1 year, 3 months ago), 2024-07-30 23:06:49 +0700
    • Engine revision b8800d88be
    • Dart version 3.5.0
    • DevTools version 2.37.2

[✓] Android toolchain - develop for Android devices (Android SDK version 36.1.0)
    • Android SDK at /Users/ngaitan/Library/Android/sdk
    • Platform android-36.1, build-tools 36.1.0
    • ANDROID_SDK_ROOT = /Users/ngaitan/Library/Android/sdk
    • Java binary at: /Applications/Android Studio.app/Contents/jbr/Contents/Home/bin/java
    • Java version OpenJDK Runtime Environment (build 21.0.8+-14018985-b1038.68)
    • All Android licenses accepted.

[✓] Xcode - develop for iOS and macOS (Xcode 26.0.1)
    • Xcode at /Applications/Xcode.app/Contents/Developer
    • Build 17A400
    • CocoaPods version 1.16.2

[✓] Chrome - develop for the web
    • Chrome at /Applications/Google Chrome.app/Contents/MacOS/Google Chrome

[✓] Android Studio (version 2025.1)
    • Android Studio at /Applications/Android Studio.app/Contents
    • Flutter plugin can be installed from:
      🔨 https://plugins.jetbrains.com/plugin/9212-flutter
    • Dart plugin can be installed from:
      🔨 https://plugins.jetbrains.com/plugin/6351-dart
    • Java version OpenJDK Runtime Environment (build 21.0.8+-14018985-b1038.68)

[✓] Connected device (3 available)
    • macOS (desktop)                 • macos                 • darwin-arm64   • macOS 15.7 24G222 darwin-arm64
    • Mac Designed for iPad (desktop) • mac-designed-for-ipad • darwin         • macOS 15.7 24G222 darwin-arm64
    • Chrome (web)                    • chrome                • web-javascript • Google Chrome 142.0.7444.60

[✓] Network resources
    • All expected network resources are available.

• No issues found!
```
